> Task :app:clean UP-TO-DATE
> Task :app:preBuild UP-TO-DATE
> Task :app:preDebugBuild UP-TO-DATE
> Task :app:mergeDebugNativeDebugMetadata NO-SOURCE
> Task :app:javaPreCompileDebug
> Task :app:generateDebugResValues
> Task :app:checkDebugAarMetadata FAILED
> Task :app:mapDebugSourceSetPaths

FAILURE: Build failed with an exception.

* What went wrong:
Execution failed for task ':app:checkDebugAarMetadata'.
> A failure occurred while executing com.android.build.gradle.internal.tasks.CheckAarMetadataWorkAction
   > An issue was found when checking AAR metadata:
     
       1.  Dependency 'androidx.activity:activity:1.8.0' requires libraries and applications that
           depend on it to compile against version 34 or later of the
           Android APIs.
     
           :app is currently compiled against android-33.
     
           Also, the maximum recommended compile SDK version for Android Gradle
           plugin 8.1.0 is 33.
     
           Recommended action: Update this project's version of the Android Gradle
           plugin to one that supports 34, then update this project to use
           compileSdk of at least 34.
     
           Note that updating a library or application's compileSdk (which
           allows newer APIs to be used) can be done separately from updating
           targetSdk (which opts the app in to new runtime behavior) and
           minSdk (which determines which devices the app can be installed
           on).

* Try:
> Run with --stacktrace option to get the stack trace.
> Run with --info or --debug option to get more log output.
> Run with --scan to get full insights.
> Get more help at https://help.gradle.org.

BUILD FAILED in 16s
5 actionable tasks: 4 executed, 1 up-to-date
